% Ansh Sharma - gameFiles.ans
15
255
255
0
0
1% Ansh Sharma - gameFiles.ans
15
255
255
0
0
1% Ansh Sharma - gameFiles.ans
15
255
255
0
0
1% Ansh Sharma - gameFiles.ans
15
255
255
0
0
1% Ansh Sharma - gameFiles.ans
15
255
255
0
0
1% Ansh Sharma - gameFiles.ans
15
255
255
0
0
1% Ansh Sharma - gameFiles.ans
15
255
255
0
0
1% Ansh Sharma - gameFiles.ans
15
255
255
0
0
1% Ansh Sharma - gameFiles.ans
15
255
255
0
0
1% Ansh Sharma - gameFiles.ans
15
255
255
0
0
1% Ansh Sharma - gameFiles.ans
15
255
255
0
0
1% Ansh Sharma - gameFiles.ans
15
255
255
0
0
1% Ansh Sharma - gameFiles.ans
15
255
255
0
0
1% Ansh Sharma - gameFiles.ans
15
255
255
0
0
1% Ansh Sharma - gameFiles.ans
15
255
255
0
0
1% Ansh Sharma - gameFiles.ans
15
255
255
0
0
1% Ansh Sharma - gameFiles.ans
15
255
255
0
0
1% Ansh Sharma - gameFiles.ans
15
255
255
0
0
1% Ansh Sharma - gameFiles.ans
15
255
255
0
0
1% Ansh Sharma - gameFiles.ans
15
255
255
0
0
1% Ansh Sharma - gameFiles.ans
15
255
255
0
0
1% Ansh Sharma - gameFiles.ans
15
255
255
0
0
1% Ansh Sharma - gameFiles.ans
15
255
255
0
0
1% Ansh Sharma - gameFiles.ans
15
255
255
0
0
1% Ansh Sharma - gameFiles.ans
15
255
255
0
0
1% Ansh Sharma - gameFiles.ans
15
255
255
0
0
1% Ansh Sharma - gameFiles.ans
15
255
255
0
0
1% Ansh Sharma - gameFiles.ans
15
255
255
0
0
1% Ansh Sharma - gameFiles.ans
15
255
255
0
0
1% Ansh Sharma - gameFiles.ans
15
255
255
0
0
1% Ansh Sharma - gameFiles.ans
15
255
255
0
0
1% Ansh Sharma - gameFiles.ans
15
255
255
0
0
1% Ansh Sharma - gameFiles.ans
15
255
255
0
0
1% Ansh Sharma - gameFiles.ans
15
255
255
0
0
1% Ansh Sharma - gameFiles.ans
15
255
255
0
0
1% Ansh Sharma - gameFiles.ans
15
255
255
0
0
1% Ansh Sharma - gameFiles.ans
15
255
255
0
0
1% Ansh Sharma - gameFiles.ans
15
255
255
0
0
1% Ansh Sharma - gameFiles.ans
15
255
255
0
0
1% Ansh Sharma - gameFiles.ans
15
255
255
0
0
1% Ansh Sharma - gameFiles.ans
15
255
255
0
0
1% Ansh Sharma - gameFiles.ans
15
255
255
0
0
1% Ansh Sharma - gameFiles.ans
15
255
255
0
0
1% Ansh Sharma - gameFiles.ans
15
255
255
0
0
1% Ansh Sharma - gameFiles.ans
15
255
255
0
0
1% Ansh Sharma - gameFiles.ans
15
255
255
0
0
1% Ansh Sharma - gameFiles.ans
15
255
255
0
0
1% Ansh Sharma - gameFiles.ans
15
255
255
0
0
1% Ansh Sharma - gameFiles.ans
15
255
255
0
0
1% Ansh Sharma - gameFiles.ans
15
255
255
0
0
1% Ansh Sharma - gameFiles.ans
15
255
255
0
0
1% Ansh Sharma - gameFiles.ans
15
255
255
0
0
1% Ansh Sharma - gameFiles.ans
15
255
255
0
0
1% Ansh Sharma - gameFiles.ans
15
255
255
0
0
1% Ansh Sharma - gameFiles.ans
15
255
255
0
0
1% Ansh Sharma - gameFiles.ans
15
255
255
0
0
1% Ansh Sharma - gameFiles.ans
15
255
255
0
0
1% Ansh Sharma - gameFiles.ans
15
255
255
0
0
1% Ansh Sharma - gameFiles.ans
15
255
255
0
0
1% Ansh Sharma - gameFiles.ans
15
255
255
0
0
1% Ansh Sharma - gameFiles.ans
15
255
255
0
0
1% Ansh Sharma - gameFiles.ans
15
255
255
0
0
1% Ansh Sharma - gameFiles.ans
15
255
255
0
0
1% Ansh Sharma - gameFiles.ans
15
255
255
0
0
1% Ansh Sharma - gameFiles.ans
15
255
255
0
0
1% Ansh Sharma - gameFiles.ans
15
255
255
0
0
1% Ansh Sharma - gameFiles.ans
15
255
255
0
0
1% Ansh Sharma - gameFiles.ans
15
255
255
0
0
1% Ansh Sharma - gameFiles.ans
15
255
255
0
0
1% Ansh Sharma - gameFiles.ans
15
255
255
0
0
1% Ansh Sharma - gameFiles.ans
15
255
255
0
0
1% Ansh Sharma - gameFiles.ans
15
255
255
0
0
1% Ansh Sharma - gameFiles.ans
15
255
255
0
0
1% Ansh Sharma - gameFiles.ans
15
255
255
0
0
1% Ansh Sharma - gameFiles.ans
15
255
255
0
0
1% Ansh Sharma - gameFiles.ans
15
255
255
0
0
1% Ansh Sharma - gameFiles.ans
15
255
255
0
0
1% Ansh Sharma - gameFiles.ans
15
255
255
0
0
1% Ansh Sharma - gameFiles.ans
15
255
255
0
0
1% Ansh Sharma - gameFiles.ans
15
255
255
0
0
1% Ansh Sharma - gameFiles.ans
15
255
255
0
0
1% Ansh Sharma - gameFiles.ans
15
255
255
0
0
1% Ansh Sharma - gameFiles.ans
15
255
255
0
0
1% Ansh Sharma - gameFiles.ans
15
255
255
0
0
1% Ansh Sharma - gameFiles.ans
15
255
255
0
0
1% Ansh Sharma - gameFiles.ans
15
255
255
0
0
1% Ansh Sharma - gameFiles.ans
15
255
255
0
0
1% Ansh Sharma - gameFiles.ans
15
255
255
0
0
1% Ansh Sharma - gameFiles.ans
15
255
255
0
0
1% Ansh Sharma - gameFiles.ans
15
255
255
0
0
1% Ansh Sharma - gameFiles.ans
15
255
255
0
0
1% Ansh Sharma - gameFiles.ans
15
255
255
0
0
1% Ansh Sharma - gameFiles.ans
15
255
255
0
0
1% Ansh Sharma - gameFiles.ans
15
255
255
0
0
1% Ansh Sharma - gameFiles.ans
15
255
255
0
0
1% Ansh Sharma - gameFiles.ans
15
255
255
0
0
1% Ansh Sharma - gameFiles.ans
15
255
255
0
0
1% Ansh Sharma - gameFiles.ans
15
255
255
0
0
1% Ansh Sharma - gameFiles.ans
15
255
255
0
0
1% Ansh Sharma - gameFiles.ans
15
255
255
0
0
1% Ansh Sharma - gameFiles.ans
15
255
255
0
0
1% Ansh Sharma - gameFiles.ans
15
255
255
0
0
1null
null
% Ansh Sharma - gameFiles.ans
15
255
0
255% Ansh Sharma - gameFiles.ans
15
255
255
0
0
1% Ansh Sharma - gameFiles.ans
15
255
255
0
0
1% Ansh Sharma - gameFiles.ans
15
255
255
0
0
1% Ansh Sharma - gameFiles.ans
15
255
255
0
0
1% Ansh Sharma - gameFiles.ans
15
255
255
0
0
1% Ansh Sharma - gameFiles.ans
15
255
255
0
0
1% Ansh Sharma - gameFiles.ans
15
255
255
0
0
1% Ansh Sharma - gameFiles.ans
15
255
255
0
0
1% Ansh Sharma - gameFiles.ans
15
255
255
0
0
1% Ansh Sharma - gameFiles.ans
15
255
255
0
0
1% Ansh Sharma - gameFiles.ans
15
255
255
0
0
1% Ansh Sharma - gameFiles.ans
15
255
255
0
0
1% Ansh Sharma - gameFiles.ans
15
255
255
0
0
1% Ansh Sharma - gameFiles.ans
15
255
255
0
0
1null
null
null
null
% Ansh Sharma - gameFiles.ans
0
15% Ansh Sharma - gameFiles.ans
15
255
255
0
0
1% Ansh Sharma - gameFiles.ans
15
255
255
0
0
1% Ansh Sharma - gameFiles.ans
15
255
255
0
0
1% Ansh Sharma - gameFiles.ans
15
255
255
0
0
1% Ansh Sharma - gameFiles.ans
15
255
255
0
0
1% Ansh Sharma - gameFiles.ans
15
255
255
0
0
1% Ansh Sharma - gameFiles.ans
15
255
255
0
0
1% Ansh Sharma - gameFiles.ans
15
255
255
0
0
1% Ansh Sharma - gameFiles.ans
15
255
255
0
0
1% Ansh Sharma - gameFiles.ans
15
255
255
0
0
1% Ansh Sharma - gameFiles.ans
15
255
255
0
0
1% Ansh Sharma - gameFiles.ans
15
255
255
0
0
1% Ansh Sharma - gameFiles.ans
15
255
255
0
0
1% Ansh Sharma - gameFiles.ans
15
255
255
0
0
1% Ansh Sharma - gameFiles.ans
15
255
255
0
0
1% Ansh Sharma - gameFiles.ans
15
255
255
0
0
1% Ansh Sharma - gameFiles.ans
15
255
255
0
0
1% Ansh Sharma - gameFiles.ans
15
255
255
0
0
1% Ansh Sharma - gameFiles.ans
15
255
255
0
0
1% Ansh Sharma - gameFiles.ans
15
255
255
0
0
1% Ansh Sharma - gameFiles.ans
15
255
255
0
0
1% Ansh Sharma - gameFiles.ans
15
255
255
0
0
1null
null
% Ansh Sharma - gameFiles.ans
15
255
0
255% Ansh Sharma - gameFiles.ans
15
255
255
0
0
1% Ansh Sharma - gameFiles.ans
15
255
255
0
0
1% Ansh Sharma - gameFiles.ans
15
255
255
0
0
1% Ansh Sharma - gameFiles.ans
15
255
255
0
0
1% Ansh Sharma - gameFiles.ans
15
255
255
0
0
1% Ansh Sharma - gameFiles.ans
15
255
255
0
0
1% Ansh Sharma - gameFiles.ans
15
255
255
0
0
1% Ansh Sharma - gameFiles.ans
15
255
255
0
0
1% Ansh Sharma - gameFiles.ans
15
255
255
0
0
1% Ansh Sharma - gameFiles.ans
15
255
255
0
0
1% Ansh Sharma - gameFiles.ans
15
255
255
0
0
1% Ansh Sharma - gameFiles.ans
15
255
255
0
0
1% Ansh Sharma - gameFiles.ans
15
255
255
0
0
1% Ansh Sharma - gameFiles.ans
15
255
255
0
0
1% Ansh Sharma - gameFiles.ans
15
255
255
0
0
1% Ansh Sharma - gameFiles.ans
15
255
255
0
0
1% Ansh Sharma - gameFiles.ans
15
255
255
0
0
1% Ansh Sharma - gameFiles.ans
15
255
255
0
0
1% Ansh Sharma - gameFiles.ans
15
255
255
0
0
1% Ansh Sharma - gameFiles.ans
15
255
255
0
0
1% Ansh Sharma - gameFiles.ans
15
255
255
0
0
1% Ansh Sharma - gameFiles.ans
15
255
255
0
0
1% Ansh Sharma - gameFiles.ans
15
255
255
0
0
1% Ansh Sharma - gameFiles.ans
15
255
255
0
0
1% Ansh Sharma - gameFiles.ans
15
255
255
0
0
1% Ansh Sharma - gameFiles.ans
15
255
255
0
0
1% Ansh Sharma - gameFiles.ans
15
255
255
0
0
1% Ansh Sharma - gameFiles.ans
15
255
255
0
0
1% Ansh Sharma - gameFiles.ans
15
255
255
0
0
1% Ansh Sharma - gameFiles.ans
15
255
255
0
0
1% Ansh Sharma - gameFiles.ans
15
255
255
0
0
1% Ansh Sharma - gameFiles.ans
15
255
255
0
0
1% Ansh Sharma - gameFiles.ans
15
255
255
0
0
1% Ansh Sharma - gameFiles.ans
15
255
255
0
0
1% Ansh Sharma - gameFiles.ans
15
255
255
0
0
1% Ansh Sharma - gameFiles.ans
15
255
255
0
0
1% Ansh Sharma - gameFiles.ans
15
255
255
0
0
1% Ansh Sharma - gameFiles.ans
15
255
255
0
0
1% Ansh Sharma - gameFiles.ans
15
255
255
0
0
1% Ansh Sharma - gameFiles.ans
15
255
255
0
0
1% Ansh Sharma - gameFiles.ans
15
255
255
0
0
1% Ansh Sharma - gameFiles.ans
15
255
255
0
0
1% Ansh Sharma - gameFiles.ans
15
255
255
0
0
1% Ansh Sharma - gameFiles.ans
15
255
255
0
0
1% Ansh Sharma - gameFiles.ans
15
255
255
0
0
1% Ansh Sharma - gameFiles.ans
15
255
255
0
0
1% Ansh Sharma - gameFiles.ans
15
255
255
0
0
1% Ansh Sharma - gameFiles.ans
15
255
255
0
0
1% Ansh Sharma - gameFiles.ans
15
255
255
0
0
1% Ansh Sharma - gameFiles.ans
15
255
255
0
0
1% Ansh Sharma - gameFiles.ans
15
255
255
0
0
1% Ansh Sharma - gameFiles.ans
15
255
255
0
0
1% Ansh Sharma - gameFiles.ans
15
255
255
0
0
1null
% Ansh Sharma - gameFiles.ans
15
255
255
0
0% Ansh Sharma - gameFiles.ans
15
255
255
0
0
1% Ansh Sharma - gameFiles.ans
15
255
255
0
0
1% Ansh Sharma - gameFiles.ans
15
255
255
0
0
1% Ansh Sharma - gameFiles.ans
15
255
255
0
0
1% Ansh Sharma - gameFiles.ans
15
255
255
0
0
1% Ansh Sharma - gameFiles.ans
15
255
255
0
0
1% Ansh Sharma - gameFiles.ans
15
255
255
0
0
1% Ansh Sharma - gameFiles.ans
15
255
255
0
0
1% Ansh Sharma - gameFiles.ans
15
255
255
0
0
1% Ansh Sharma - gameFiles.ans
15
255
255
0
0
1% Ansh Sharma - gameFiles.ans
15
255
255
0
0
1% Ansh Sharma - gameFiles.ans
15
255
255
0
0
1% Ansh Sharma - gameFiles.ans
15
255
255
0
0
1% Ansh Sharma - gameFiles.ans
15
255
255
0
0
1% Ansh Sharma - gameFiles.ans
15
255
255
0
0
1% Ansh Sharma - gameFiles.ans
15
255
255
0
0
1% Ansh Sharma - gameFiles.ans
15
255
255
0
0
1% Ansh Sharma - gameFiles.ans
15
255
255
0
0
1% Ansh Sharma - gameFiles.ans
15
255
255
0
0
1% Ansh Sharma - gameFiles.ans
15
255
255
0
0
1% Ansh Sharma - gameFiles.ans
15
255
255
0
0
1% Ansh Sharma - gameFiles.ans
15
255
255
0
0
1% Ansh Sharma - gameFiles.ans
15
255
255
0
0
1% Ansh Sharma - gameFiles.ans
15
255
255
0
0
1% Ansh Sharma - gameFiles.ans
15
255
255
0
0
1% Ansh Sharma - gameFiles.ans
15
255
255
0
0
1% Ansh Sharma - gameFiles.ans
15
255
255
0
0
1% Ansh Sharma - gameFiles.ans
15
255
255
0
0
1% Ansh Sharma - gameFiles.ans
15
255
255
0
0
1% Ansh Sharma - gameFiles.ans
15
255
255
0
0
1% Ansh Sharma - gameFiles.ans
15
255
255
0
0
1% Ansh Sharma - gameFiles.ans
15
255
255
0
0
1% Ansh Sharma - gameFiles.ans
15
255
255
0
0
1null
% Ansh Sharma - gameFiles.ans
15
255
255
0
0% Ansh Sharma - gameFiles.ans
15
255
255
0
0
1% Ansh Sharma - gameFiles.ans
15
255
255
0
0
1% Ansh Sharma - gameFiles.ans
15
255
255
0
0
1% Ansh Sharma - gameFiles.ans
15
255
255
0
0
1% Ansh Sharma - gameFiles.ans
15
255
255
0
0
1% Ansh Sharma - gameFiles.ans
15
255
255
0
0
1% Ansh Sharma - gameFiles.ans
15
255
255
0
0
1% Ansh Sharma - gameFiles.ans
15
255
255
0
0
1% Ansh Sharma - gameFiles.ans
15
255
255
0
0
1% Ansh Sharma - gameFiles.ans
15
255
255
0
0
1% Ansh Sharma - gameFiles.ans
15
255
255
0
0
1% Ansh Sharma - gameFiles.ans
15
255
255
0
0
1% Ansh Sharma - gameFiles.ans
15
255
255
0
0
1% Ansh Sharma - gameFiles.ans
15
255
255
0
0
1% Ansh Sharma - gameFiles.ans
15
255
255
0
0
1% Ansh Sharma - gameFiles.ans
15
255
255
0
0
1% Ansh Sharma - gameFiles.ans
15
255
255
0
0
1% Ansh Sharma - gameFiles.ans
15
255
255
0
0
1% Ansh Sharma - gameFiles.ans
15
255
255
0
0
1% Ansh Sharma - gameFiles.ans
15
255
255
0
0
1% Ansh Sharma - gameFiles.ans
15
255
255
0
0
1% Ansh Sharma - gameFiles.ans
15
255
255
0
0
1% Ansh Sharma - gameFiles.ans
15
255
255
0
0
1% Ansh Sharma - gameFiles.ans
15
255
255
0
0
1% Ansh Sharma - gameFiles.ans
15
255
255
0
0
1% Ansh Sharma - gameFiles.ans
15
255
255
0
0
1% Ansh Sharma - gameFiles.ans
15
255
255
0
0
1% Ansh Sharma - gameFiles.ans
15
255
255
0
0
1% Ansh Sharma - gameFiles.ans
15
255
255
0
0
1% Ansh Sharma - gameFiles.ans
15
255
255
0
0
1% Ansh Sharma - gameFiles.ans
15
255
255
0
0
1% Ansh Sharma - gameFiles.ans
15
255
255
0
0
1% Ansh Sharma - gameFiles.ans
15
255
255
0
0
1% Ansh Sharma - gameFiles.ans
15
255
255
0
0
1% Ansh Sharma - gameFiles.ans
15
255
255
0
0
1% Ansh Sharma - gameFiles.ans
15
255
255
0
0
1% Ansh Sharma - gameFiles.ans
15
255
255
0
0
1% Ansh Sharma - gameFiles.ans
15
255
255
0
0
1% Ansh Sharma - gameFiles.ans
15
255
255
0
0
1% Ansh Sharma - gameFiles.ans
15
255
255
0
0
1% Ansh Sharma - gameFiles.ans
15
255
255
0
0
1% Ansh Sharma - gameFiles.ans
15
255
255
0
0
1% Ansh Sharma - gameFiles.ans
15
255
255
0
0
1% Ansh Sharma - gameFiles.ans
15
255
255
0
0
1% Ansh Sharma - gameFiles.ans
15
255
255
0
0
1% Ansh Sharma - gameFiles.ans
15
255
255
0
0
1% Ansh Sharma - gameFiles.ans
15
255
255
0
0
1% Ansh Sharma - gameFiles.ans
15
255
255
0
0
1