MAXIMUM BIG A RELEASES NEW MAXIMUM BIG GAME MAXIMUM BIG A RELEASES NEW MAXIMUM BIG GAME MAXIMUM BIG A RELEASES NEW MAXIMUM BIG GAME MAXIMUM BIG A RELEASES NEW MAXIMUM BIG GAME MAXIMUM BIG A RELEASES NEW MAXIMUM BIG GAME MAXIMUM BIG A RELEASES NEW MAXIMUM BIG GAME MAXIMUM BIG A RELEASES NEW MAXIMUM BIG GAME MAXIMUM BIG A RELEASES NEW MAXIMUM BIG GAME